played Italy in Sao Paulo on 2008-03-12 and won 1-0
played Spain in Rio de Janiero on 2008-04-20 and won 2-1
played China in Shanghai on 2008-10-17 and drew 1-1
played Argentina in Buenos Aires on 2008-10-25 and won 2-0
played Sweden in Linkoping on 2008-11-06 and drew 1-1
played Japan in Sao Paulo on 2008-11-16 and drew 1-1
played Argentina in Santa Cruz on 2008-12-22 and lost 1-3
