played in Eindhoven on 2000-02-06 and scored 1 goal
played in Lyon on 2001-07-21 and scored 1 goal
played in Seoul on 2001-10-04 and scored 1 goal
played in Firenze on 2002-10-27 and scored 1 goal
played in Linkoping on 2003-11-03 and scored 1 goal
played in Dortmund on 2005-03-28 and scored 1 goal
played in Munich on 2005-10-20 and scored 1 goal
played in Madrid on 2007-08-12 and scored 1 goal
Summary: played for Germany, 56 matches, 8 goals
