  id   |                address                
-------+---------------------------------------
 46400 | 72 Spring Street, Bondi Junction 2022
 46401 | 319 Bronte Road, Bondi Junction 2022
 46402 | 12/199 Anzac Parade, Kingsford 2032
 46403 | 7/16 Glenwood Avenue, Coogee 2034
 46404 | 10/84 Bowden Street, Alexandria 2015
 46405 | 19/64 Byron Street, Coogee 2034
(6 rows)
