5124159 Magia, Tristan
COMP9318 17s1 Data Warehousing & Data Mining   65 CR   6uoc
COMP9319 17s1 Web Data Compression & Search    86 HD   6uoc
COMP9417 17s1 Machine Learning & Data Mining   78 DN   6uoc
COMP6714 17s2 Info Retrieval and Web Search    69 CR   6uoc
COMP9313 17s2 Big Data Management              77 DN   6uoc
COMP9444 17s2 Neural Networks, Deep Learning   88 HD   6uoc
UOC = 36, WAM = 77.2
