5123788 Greenfield, Drew
COMP9021 17s1 Principles of Programming       100 HD   6uoc
COMP9311 17s1 Database Systems                 63 PS   6uoc
COMP9024 17s2 Data Structures & Algorithms     86 HD   6uoc
COMP9331 17s2 Computer Networks&Applications   79 DN   6uoc
GSOE9820 17s2 Project Management               94 HD   6uoc
COMP9020 18s1 Foundations of Comp. Science     85 HD   6uoc
COMP9414 18s1 Artificial Intelligence          91 HD   6uoc
COMP9315 18s2 Database Systems Implementat'n   76 DN   6uoc
COMP9444 18s2 Neural Networks, Deep Learning   63 PS   6uoc
COMP9417 19T2 Machine Learning & Data Mining   96 HD   6uoc
COMP9313 19T3 Big Data Management              76 DN   6uoc
MATH5846 20T1 Intro to Prob and Stoch Proc      - SY   6uoc
MATH5856 20T1 Intro to Stats and Stat Comput    - SY   6uoc
COMP9900 20T2 Info Tech Project               100 HD   6uoc
MATH5855 20T3 Multivariate Analysis           100 HD   6uoc
UOC = 90, WAM = 85.3
