5143550 Torrisi, Yen
COMP2911 17s1 Eng. Design in Computing         36 FL   fail
COMP3141 17s1 Software Sys Des&Implementat'n    - AF   fail
COMP3231 17s1 Operating Systems                 - AW
COMP3151 17s2 Foundations of Concurrency       41 FL   fail
COMP4336 17s2 Mobile Data Networking           30 FL   fail
UOC = 0, WAM = 26.8
