5124862 Wehbe, Ran
COMP2121 17s1 Microprocessors & Interfacing    75 DN   6uoc
COMP2911 17s1 Eng. Design in Computing         68 CR   6uoc
COMP6443 17s1 Web Application Security         74 CR   6uoc
PSYC1023 17s1 Abnormal Psychology              66 CR   6uoc
COMP2041 17s2 Software Construction            61 PS   6uoc
COMP6445 17s2 Digital Forensics                84 DN   6uoc
MATH1081 17s2 Discrete Mathematics             55 PS   6uoc
COMP3121 18s1 Algorithms & Programming Tech    61 PS   6uoc
COMP3231 18s1 Operating Systems                64 PS   6uoc
COMP6841 18s1 Extended Security Engineering    73 CR   6uoc
COMP3161 18s2 Concepts of Programming Lang.    72 CR   6uoc
COMP6447 18s2 Security Assessment              51 PS   6uoc
COMP9444 18s2 Neural Networks, Deep Learning   51 PS   6uoc
COMP1531 19T1 Software Eng Fundamentals        59 PS   6uoc
COMP3900 19T1 Computer Science Project         60 PS   6uoc
COMP3141 19T2 Software Sys Des&Implementat'n   87 HD   6uoc
COMP3331 19T2 Computer Networks&Applications   54 PS   6uoc
COMP4920 19T3 Management and Ethics            80 DN   6uoc
UOC = 108, WAM = 66.4
