5159189 Butturini Pajares, Diego
ARTS1210 18s1 Concepts of Asia                 56 PS   6uoc
ARTS1570 18s1 Introductory Spanish A           84 DN   6uoc
INST1005 18s1 Key Debates in Intl Studies      63 PS   6uoc
MGMT1101 18s1 Global Business Environment      90 HD   6uoc
ARTS1571 18s2 Introductory Spanish B           86 HD   6uoc
ECON1101 18s2 Microeconomics 1                 81 DN   6uoc
INST1006 18s2 The World in Transition          94 HD   6uoc
MGMT3102 18s2 Asia-Pacific Business            79 DN   6uoc
ARTS2570 19T1 Intermediate Spanish A           79 DN   6uoc
INST2003 19T1 Research Methods                 87 HD   6uoc
MGMT2101 19T1 Int Bus & Multinat Operations    73 CR   6uoc
MGMT3721 19T1 Negotiation Skills               72 CR   6uoc
ARTS1620 19T2 Introductory Italian A           72 CR   6uoc
FINS1613 19T2 Business Finance                 76 DN   6uoc
MGMT2102 19T2 Managing Across Cultures         64 PS   6uoc
MGMT3101 19T2 I'national Business Strategy    100 HD   6uoc
EXCH8010 19T3 BInst Exchange Program            - XE  24uoc
EXCH8035 20T1 BInst Exchange Program            - XE  18uoc
ARTS2457 20T2 China Imagined and Perceived     70 CR   6uoc
EXCH8033 20T2 BInst Exchange Program            - XE   6uoc
MGMT2725 20T2 Career Management                72 CR   6uoc
MGMT3003 20T2 Global Entrepreneurship          80 DN   6uoc
ARTS2813 20T3 International Security           90 HD   6uoc
ARTS3570 20T3 Advanced Spanish A               89 HD   6uoc
INST3900 20T3 Int Studies Advanced Seminar     74 CR   6uoc
UOC = 180, WAM = 78.7
