COMPAS Artificial Intelligence
- offered by School of Computer Science and Engineering
Academic Requirements:
COMPAS Core
- COMP9414 Artificial Intelligence
  or COMP9814 Ext Artificial Intelligence
18 UOC courses from COMPAS Electives
- COMP4418 Knowledge Representation
- COMP9318 Data Warehousing & Data Mining
- COMP9417 Machine Learning & Data Mining
- COMP9418 Advanced Machine Learning
- COMP9434 Robotic Software Architecture
- COMP9444 Neural Networks, Deep Learning
- COMP9491 ???
- COMP9517 Computer Vision
- MATH5836 Data Mining
up to 6 UOC courses from COMPAS Disciplinary Electives
- courses matching BINF6###,BINF9###,COMP4###,COMP6###,COMP9###,GSOE92##
