5198386 Dib, Karim
  3707 Bachelor of Engineering (Hons)
  SENGAH Software Engineering

Completed:
COMP1511 19T1 Programming Fundamentals         62 PS   6uoc towards Foundational Computing
ENGG1000 19T1 Engineering Design               51 PS   6uoc towards SENGAH Workshops/Design
MATH1131 19T1 Mathematics 1A                   54 PS   6uoc towards SENGAH Maths
CHEM1011 19T2 Chemistry 1A                     87 HD   6uoc towards Free Electives
COMP1521 19T2 Computer Systems Fundamentals    47 FL   fail does not count
MATH1081 19T2 Discrete Mathematics             71 CR   6uoc towards SENGAH Maths
COMP1521 19T3 Computer Systems Fundamentals    58 PS   6uoc towards Foundational Computing
COMP1531 19T3 Software Eng Fundamentals        67 CR   6uoc towards Foundational Computing
MATH1231 19T3 Mathematics 1B                   56 PS   6uoc towards SENGAH Maths
COMP2521 20T1 Data Structures and Algorithms    - SY   6uoc towards Foundational Computing
SENG2021 20T1 Reqts & Design Workshop          65 CR   6uoc towards SENGAH Workshops/Design
COMP2041 20T2 Software Construction            46 FL   fail does not count
DESN2000 20T2 Engineering Design 2             80 DN   6uoc towards SENGAH Workshops/Design
MATH2400 20T2 Finite Mathematics               35 FL   fail does not count
MATH2859 20T2 Prob, Stats and Information      31 FL   fail does not count
COMP2511 20T3 O-O Design & Programming         32 FL   fail does not count
COMP3311 20T3 Database Systems                 75 DN   6uoc towards SENGAH Advanced Core
UOC = 72 so far

Remaining to complete degree:
- COMP2511 O-O Design & Programming
- MATH2400 Finite Mathematics
- MATH2859 Prob, Stats and Information
- SENG2011 Program Reasoning Workshop
- SENG3011 Software Eng Workshop 3
- COMP2041 Software Construction
- COMP3141 Software Sys Des&Implementat'n
- COMP3331 Computer Networks&Applications
- SENG4920 Ethics and Management
- COMP4951 Research Thesis A
- COMP4952 Research Thesis B
- COMP4953 Research Thesis C
- ENGG4999 Industrial Training
at least 36 UOC courses from SENGAH Discipline Electives
12 UOC of General Education
