5198386 Dib, Karim
  3778 Bachelor of Science (Comp Sci)
  COMPA1 Computer Science

Completed:
COMP1511 19T1 Programming Fundamentals         62 PS   6uoc towards Foundational Computing
ENGG1000 19T1 Engineering Design               51 PS   6uoc towards Free Electives
MATH1131 19T1 Mathematics 1A                   54 PS   6uoc towards Comp Sci Maths
CHEM1011 19T2 Chemistry 1A                     87 HD   6uoc towards Free Electives
COMP1521 19T2 Computer Systems Fundamentals    47 FL   fail does not count
MATH1081 19T2 Discrete Mathematics             71 CR   6uoc towards Comp Sci Maths
COMP1521 19T3 Computer Systems Fundamentals    58 PS   6uoc towards Foundational Computing
COMP1531 19T3 Software Eng Fundamentals        67 CR   6uoc towards Foundational Computing
MATH1231 19T3 Mathematics 1B                   56 PS   6uoc towards Comp Sci Maths
COMP2521 20T1 Data Structures and Algorithms    - SY   6uoc towards Foundational Computing
SENG2021 20T1 Reqts & Design Workshop          65 CR   6uoc towards Free Electives
COMP2041 20T2 Software Construction            46 FL   fail does not count
DESN2000 20T2 Engineering Design 2             80 DN   6uoc towards Free Electives
MATH2400 20T2 Finite Mathematics               35 FL   fail does not count
MATH2859 20T2 Prob, Stats and Information      31 FL   fail does not count
COMP2511 20T3 O-O Design & Programming         32 FL   fail does not count
COMP3311 20T3 Database Systems                 75 DN   6uoc towards COMPA1 Computing Electives
UOC = 72 so far

Remaining to complete degree:
- COMP2511 O-O Design & Programming
- COMP3121 Algorithms & Programming Tech
  or COMP3821 Ext Algorithms&Prog Techniques
- COMP3900 Computer Science Project
- COMP4920 Management and Ethics
at least 24 UOC courses from COMPA1 Computing Electives
12 UOC of General Education
at least 12 UOC of Free Electives
